// Jest Snapshot v1, https://goo.gl/fbAQLP

exports[`App should render correctly 1`] = `
<App
  className="testClassString"
  fullHeight={false}
  metaTitle="Test"
  nav={
    <p>
      Nav
    </p>
  }
>
  <Page
    className="module testClassString"
    metaTitle="Test"
  >
    <div
      className="page module testClassString"
    >
      <p>
        Nav
      </p>
      <HelmetWrapper
        defer={true}
        encodeSpecialCharacters={true}
      >
        <SideEffect(NullComponent)
          defer={true}
          encodeSpecialCharacters={true}
          title="Test"
          titleAttributes={Object {}}
        >
          <NullComponent
            defer={true}
            encodeSpecialCharacters={true}
            title="Test"
            titleAttributes={Object {}}
          />
        </SideEffect(NullComponent)>
      </HelmetWrapper>
    </div>
  </Page>
</App>
`;
