// Jest Snapshot v1, https://goo.gl/fbAQLP

exports[`Form renders correctly 1`] = `
<Form
  alert={true}
  data={Object {}}
  error={Object {}}
  onSubmit={[Function]}
  saveOnLoad={true}
/>
`;
