// Jest Snapshot v1, https://goo.gl/fbAQLP

exports[`H5 should render correctly 1`] = `
<H5
  className="testClassName"
  handleClick={[MockFunction]}
>
  <h5
    className="h5 testClassName"
    onClick={[MockFunction]}
  >
    Children
  </h5>
</H5>
`;
