// Jest Snapshot v1, https://goo.gl/fbAQLP

exports[`SubMenu should render correctly 1`] = `<SubMenu />`;
