// Jest Snapshot v1, https://goo.gl/fbAQLP

exports[`LoadingAirflow should render correctly 1`] = `
<div
  className="container"
>
  <span
    className="logo"
  >
    <Icon
      icon="airflow_astro"
    />
  </span>
</div>
`;
