// Jest Snapshot v1, https://goo.gl/fbAQLP

exports[`Box renders correctly 1`] = `
<Box>
  <Flex
    flow="box"
  >
    <div
      className="flex box undefined"
    />
  </Flex>
</Box>
`;
